// Jest Snapshot v1, https://goo.gl/fbAQLP

exports[`Snapshot | 1. Navbar Snapshot Snapshot | Navbar should render 1`] = `null`;
